---
source: crates/brix-oracle/tests/settle.rs
expression: render(store.current())
---
revision 1
  BaseAmount:
    { amount: 500, order: Node(1a1d723e) }
  ComputedPrice:
    { amount: 500, order: Node(1a1d723e) }
  EffectivePrice:
    { amount: 500, order: Node(1a1d723e) }
  Order:
    { ref: "ord-1" }
