---
source: crates/brix-conformance/tests/acceptance_corpus.rs
expression: "reached.diagnostics.render_format(brix_diag::DiagnosticFormat::Json, &src,\n&label)"
---
{"diagnostics":[{"code":"BRX-IR-0006","severity":"error","message":"rule R is not pure: an effect atom reaches its body/head (Appendix E `pure(B, H)`)","path":"check/effect_violation.brix","span":{"start":438,"end":510},"startLine":12,"startColumn":1,"endLine":15,"endColumn":2,"structure":null,"labels":[]}]}
