---
source: crates/brix-canon/tests/vectors.rs
expression: generated.clone()
---
{
  "canon_version": "canon/1",
  "note": "Frozen G0 canon golden vectors. Append-only after freeze; changes require a spec erratum + CANON_VERSION bump. Regenerate with BLESS_VECTORS=1.",
  "cases": [
    {"name": "uint_zero", "kind":"uint","v":0, "hex": "00"},
    {"name": "uint_1", "kind":"uint","v":1, "hex": "0101"},
    {"name": "uint_127", "kind":"uint","v":127, "hex": "017f"},
    {"name": "uint_128", "kind":"uint","v":128, "hex": "0180"},
    {"name": "uint_255", "kind":"uint","v":255, "hex": "01ff"},
    {"name": "uint_256", "kind":"uint","v":256, "hex": "020100"},
    {"name": "uint_65535", "kind":"uint","v":65535, "hex": "02ffff"},
    {"name": "uint_16777216", "kind":"uint","v":16777216, "hex": "0401000000"},
    {"name": "uint_u64max", "kind":"uint","v":18446744073709551615, "hex": "08ffffffffffffffff"},
    {"name": "uint128_big", "kind":"uint128","v":"1267650600228229401496703205376", "hex": "0d10000000000000000000000000"},
    {"name": "uint128_max", "kind":"uint128","v":"340282366920938463463374607431768211455", "hex": "10ffffffffffffffffffffffffffffffff"},
    {"name": "int_zero", "kind":"int","v":0, "hex": "80"},
    {"name": "int_1", "kind":"int","v":1, "hex": "8101"},
    {"name": "int_neg1", "kind":"int","v":-1, "hex": "7ffe"},
    {"name": "int_neg2", "kind":"int","v":-2, "hex": "7ffd"},
    {"name": "int_255", "kind":"int","v":255, "hex": "81ff"},
    {"name": "int_neg255", "kind":"int","v":-255, "hex": "7f00"},
    {"name": "int_256", "kind":"int","v":256, "hex": "820100"},
    {"name": "int_neg256", "kind":"int","v":-256, "hex": "7efeff"},
    {"name": "int_i64max", "kind":"int","v":9223372036854775807, "hex": "887fffffffffffffff"},
    {"name": "int_i64min", "kind":"int","v":-9223372036854775808, "hex": "787fffffffffffffff"},
    {"name": "int128_min", "kind":"int128","v":"-170141183460469231731687303715884105728", "hex": "707fffffffffffffffffffffffffffffff"},
    {"name": "int128_max", "kind":"int128","v":"170141183460469231731687303715884105727", "hex": "907fffffffffffffffffffffffffffffff"},
    {"name": "bytes_empty", "kind":"bytes","v":"", "hex": "00"},
    {"name": "bytes_deadbeef", "kind":"bytes","v":"deadbeef", "hex": "0104deadbeef"},
    {"name": "str_empty", "kind":"str","v":"", "hex": "00"},
    {"name": "str_ascii", "kind":"str","v":"hello", "hex": "010568656c6c6f"},
    {"name": "str_unicode", "kind":"str","v":"h\u00e9llo \u4e16\u754c", "hex": "010d68c3a96c6c6f20e4b896e7958c"},
    {"name": "str_value_decomposed", "kind":"str","v":"cafe\u0301", "hex": "010663616665cc81"},
    {"name": "ident_ascii", "kind":"ident","v":"orderTotal", "hex": "010a6f72646572546f74616c"},
    {"name": "ident_precomposed", "kind":"ident","v":"caf\u00e9", "hex": "0105636166c3a9"},
    {"name": "ident_decomposed", "kind":"ident","v":"cafe\u0301", "hex": "0105636166c3a9"},
    {"name": "bool_false", "kind":"bool","v":false, "hex": "00"},
    {"name": "bool_true", "kind":"bool","v":true, "hex": "01"},
    {"name": "unit", "kind":"unit", "hex": "00"},
    {"name": "char_A", "kind":"char","cp":65, "hex": "0141"},
    {"name": "char_world", "kind":"char","cp":19990, "hex": "024e16"},
    {"name": "char_max", "kind":"char","cp":1114111, "hex": "0310ffff"},
    {"name": "dec_zero", "kind":"decimal","unscaled":"0","scale":0, "hex": "01"},
    {"name": "dec_zero_scaled", "kind":"decimal","unscaled":"0","scale":5, "hex": "01"},
    {"name": "dec_15", "kind":"decimal","unscaled":"15","scale":0, "hex": "028101020600"},
    {"name": "dec_1_5", "kind":"decimal","unscaled":"15","scale":1, "hex": "0280020600"},
    {"name": "dec_1_50_normalizes", "kind":"decimal","unscaled":"150","scale":2, "hex": "0280020600"},
    {"name": "dec_0_05", "kind":"decimal","unscaled":"5","scale":2, "hex": "027ffd0600"},
    {"name": "dec_neg_1_5", "kind":"decimal","unscaled":"-15","scale":1, "hex": "007ffdf9ff"},
    {"name": "dec_neg_2", "kind":"decimal","unscaled":"-2","scale":0, "hex": "007ffcff"},
    {"name": "dec_big", "kind":"decimal","unscaled":"123456789012345","scale":6, "hex": "02810802030405060708090a01020304050600"},
    {"name": "qty_length_1500", "kind":"quantity","measure":"Length","unscaled":"1500","scale":0, "hex": "01064c656e6774680281030206010100"},
    {"name": "qty_mass_2_5", "kind":"quantity","measure":"Mass","unscaled":"25","scale":1, "hex": "01044d6173730280030600"},
    {"name": "money_eur_100", "kind":"money","currency":"EUR","minor":"100", "hex": "01034555528164"},
    {"name": "money_usd_neg_50", "kind":"money","currency":"USD","minor":"-50", "hex": "01035553447fcd"},
    {"name": "list_ints", "kind":"list","elems":[{"kind":"uint","v":3},{"kind":"uint","v":1},{"kind":"uint","v":2}], "hex": "0103010201030102010101020102"},
    {"name": "list_empty", "kind":"list","elems":[], "hex": "00"},
    {"name": "set_ints_unsorted_dups", "kind":"set","elems":[{"kind":"uint","v":3},{"kind":"uint","v":1},{"kind":"uint","v":2},{"kind":"uint","v":1}], "hex": "0103010201010102010201020103"},
    {"name": "set_strings", "kind":"set","elems":[{"kind":"str","v":"b"},{"kind":"str","v":"a"},{"kind":"str","v":"c"}], "hex": "0103010301016101030101620103010163"},
    {"name": "bag_ints", "kind":"bag","elems":[{"kind":"uint","v":1},{"kind":"uint","v":1},{"kind":"uint","v":2},{"kind":"uint","v":3},{"kind":"uint","v":3},{"kind":"uint","v":3}], "hex": "0103010201010102010201020101010201030103"},
    {"name": "map_str_int", "kind":"map","entries":[[{"kind":"str","v":"two"},{"kind":"uint","v":2}],[{"kind":"str","v":"one"},{"kind":"uint","v":1}],[{"kind":"str","v":"three"},{"kind":"uint","v":3}]], "hex": "0103010501036f6e65010201010105010374776f0102010201070105746872656501020103"},
    {"name": "record_unsorted", "kind":"record","fields":[["zeta",{"kind":"uint","v":26}],["alpha",{"kind":"uint","v":1}],["mu",{"kind":"str","v":"m"}]], "hex": "01030105616c706861010101026d7501016d01047a657461011a"},
    {"name": "record_nested", "kind":"record","fields":[["id",{"kind":"uint","v":42}],["price",{"kind":"money","currency":"EUR","minor":"1999"}],["tags",{"kind":"set","elems":[{"kind":"str","v":"b"},{"kind":"str","v":"a"}]}]], "hex": "010301026964012a0105707269636501034555528207cf010474616773010201030101610103010162"},
    {"name": "enum_unit_variant", "kind":"enum","ordinal":0,"payload":null, "hex": "00"},
    {"name": "enum_payload", "kind":"enum","ordinal":2,"payload":{"kind":"str","v":"data"}, "hex": "0102010464617461"},
    {"name": "option_some", "kind":"enum","ordinal":1,"payload":{"kind":"uint","v":7}, "hex": "01010107"},
    {"name": "f64_neg_inf", "kind":"totalorder_f64","bits":"fff0000000000000", "hex": "000fffffffffffff"},
    {"name": "f64_neg_1_5", "kind":"totalorder_f64","bits":"bff8000000000000", "hex": "4007ffffffffffff"},
    {"name": "f64_neg_zero", "kind":"totalorder_f64","bits":"8000000000000000", "hex": "7fffffffffffffff"},
    {"name": "f64_pos_zero", "kind":"totalorder_f64","bits":"0000000000000000", "hex": "8000000000000000"},
    {"name": "f64_pos_1_5", "kind":"totalorder_f64","bits":"3ff8000000000000", "hex": "bff8000000000000"},
    {"name": "f64_pos_inf", "kind":"totalorder_f64","bits":"7ff0000000000000", "hex": "fff0000000000000"},
    {"name": "f64_nan", "kind":"totalorder_f64","bits":"7ff8000000000000", "hex": "fff8000000000000"}
  ],
  "digests": [
    {"name": "node_from_record", "domain": "node", "spec": {"kind":"record","fields":[["customer",{"kind":"str","v":"acme"}],["seq",{"kind":"uint","v":7}]]}, "payload_hex": "01020108637573746f6d6572010461636d6501037365710107", "digest": "84fb2a3158e550df7dbb0f0823424fe402f7b19e5c03b713829aa8b5a05f4d97"},
    {"name": "edge_from_list", "domain": "edge", "spec": {"kind":"list","elems":[{"kind":"str","v":"owns"},{"kind":"uint","v":1},{"kind":"uint","v":2}]}, "payload_hex": "0103010601046f776e730102010101020102", "digest": "9c0197d9cf82e3039ffff57ffd60284fe9cc0b640e2b13a5a3a6c20650e37097"},
    {"name": "value_decimal", "domain": "value", "spec": {"kind":"decimal","unscaled":"-1234","scale":2}, "payload_hex": "007efefdfcfbfaff", "digest": "c2ce3bd6768f877933bdfcf569e63a385465a655bc4db41ddbba0f856f14bcd9"}
  ]
}
